OpenJDK 64-Bit Server VM (25.252-b09) for linux-amd64 JRE (1.8.0_252-8u252-b09-1~18.04-b09), built on Apr 15 2020 18:48:05 by "buildd" with gcc 7.5.0
Memory: 4k page, physical 4030252k(151316k free), swap 2097148k(2090224k free)
CommandLine flags: -XX:+DisableExplicitGC -XX:InitialHeapSize=1073741824 -XX:InitiatingHeapOccupancyPercent=35 -XX:+ManagementServer -XX:MaxGCPauseMillis=20 -XX:MaxHeapSize=1073741824 -XX:+PrintGC -XX:+PrintGCDateStamps -XX:+PrintGCDetails -XX:+PrintGCTimeStamps -XX:+UseCompressedClassPointers -XX:+UseCompressedOops -XX:+UseG1GC 
2020-04-27T03:47:18.924+0530: 1.549: [GC pause (G1 Evacuation Pause) (young), 0.0173321 secs]
   [Parallel Time: 9.8 ms, GC Workers: 4]
      [GC Worker Start (ms): Min: 1548.7, Avg: 1548.9, Max: 1549.0, Diff: 0.2]
      [Ext Root Scanning (ms): Min: 0.5, Avg: 1.1, Max: 2.4, Diff: 1.9, Sum: 4.3]
      [Update RS (ms): Min: 0.0, Avg: 0.0, Max: 0.0, Diff: 0.0, Sum: 0.0]
         [Processed Buffers: Min: 0, Avg: 0.0, Max: 0, Diff: 0, Sum: 0]
      [Scan RS (ms): Min: 0.0, Avg: 0.0, Max: 0.0, Diff: 0.0, Sum: 0.0]
      [Code Root Scanning (ms): Min: 0.0, Avg: 0.2, Max: 0.5, Diff: 0.5, Sum: 0.8]
      [Object Copy (ms): Min: 3.3, Avg: 5.2, Max: 8.0, Diff: 4.8, Sum: 20.6]
      [Termination (ms): Min: 0.0, Avg: 2.8, Max: 3.8, Diff: 3.8, Sum: 11.2]
         [Termination Attempts: Min: 1, Avg: 3.0, Max: 7, Diff: 6, Sum: 12]
      [GC Worker Other (ms): Min: 0.0, Avg: 0.0, Max: 0.0, Diff: 0.0, Sum: 0.1]
      [GC Worker Total (ms): Min: 9.0, Avg: 9.3, Max: 9.5, Diff: 0.5, Sum: 37.0]
      [GC Worker End (ms): Min: 1558.0, Avg: 1558.1, Max: 1558.2, Diff: 0.3]
   [Code Root Fixup: 0.0 ms]
   [Code Root Purge: 0.0 ms]
   [Clear CT: 0.6 ms]
   [Other: 7.0 ms]
      [Choose CSet: 0.0 ms]
      [Ref Proc: 6.1 ms]
      [Ref Enq: 0.1 ms]
      [Redirty Cards: 0.5 ms]
      [Humongous Register: 0.0 ms]
      [Humongous Reclaim: 0.0 ms]
      [Free CSet: 0.1 ms]
   [Eden: 52224.0K(52224.0K)->0.0B(45056.0K) Survivors: 0.0B->7168.0K Heap: 52224.0K(1024.0M)->7515.0K(1024.0M)]
 [Times: user=0.03 sys=0.01, real=0.01 secs] 
2020-04-27T03:47:19.594+0530: 2.219: [GC pause (G1 Evacuation Pause) (young), 0.0183546 secs]
   [Parallel Time: 9.6 ms, GC Workers: 4]
      [GC Worker Start (ms): Min: 2219.0, Avg: 2219.1, Max: 2219.2, Diff: 0.2]
      [Ext Root Scanning (ms): Min: 1.2, Avg: 1.8, Max: 2.6, Diff: 1.4, Sum: 7.2]
      [Update RS (ms): Min: 0.0, Avg: 0.0, Max: 0.1, Diff: 0.1, Sum: 0.1]
         [Processed Buffers: Min: 0, Avg: 0.2, Max: 1, Diff: 1, Sum: 1]
      [Scan RS (ms): Min: 0.0, Avg: 0.0, Max: 0.0, Diff: 0.0, Sum: 0.0]
      [Code Root Scanning (ms): Min: 0.0, Avg: 2.1, Max: 7.1, Diff: 7.1, Sum: 8.4]
      [Object Copy (ms): Min: 0.0, Avg: 4.6, Max: 6.5, Diff: 6.5, Sum: 18.3]
      [Termination (ms): Min: 0.0, Avg: 0.8, Max: 1.1, Diff: 1.1, Sum: 3.3]
         [Termination Attempts: Min: 1, Avg: 6.5, Max: 16, Diff: 15, Sum: 26]
      [GC Worker Other (ms): Min: 0.0, Avg: 0.0, Max: 0.0, Diff: 0.0, Sum: 0.0]
      [GC Worker Total (ms): Min: 9.3, Avg: 9.3, Max: 9.4, Diff: 0.1, Sum: 37.4]
      [GC Worker End (ms): Min: 2228.5, Avg: 2228.5, Max: 2228.5, Diff: 0.0]
   [Code Root Fixup: 0.1 ms]
   [Code Root Purge: 0.0 ms]
   [Clear CT: 0.4 ms]
   [Other: 8.3 ms]
      [Choose CSet: 0.0 ms]
      [Ref Proc: 7.5 ms]
      [Ref Enq: 0.1 ms]
      [Redirty Cards: 0.4 ms]
      [Humongous Register: 0.1 ms]
      [Humongous Reclaim: 0.0 ms]
      [Free CSet: 0.1 ms]
   [Eden: 45056.0K(45056.0K)->0.0B(45056.0K) Survivors: 7168.0K->7168.0K Heap: 179.3M(1024.0M)->137.2M(1024.0M)]
 [Times: user=0.05 sys=0.00, real=0.02 secs] 
2020-04-27T04:33:03.725+0530: 2746.350: [GC pause (Metadata GC Threshold) (young) (initial-mark), 0.0208453 secs]
   [Parallel Time: 16.9 ms, GC Workers: 4]
      [GC Worker Start (ms): Min: 2746350.4, Avg: 2746351.1, Max: 2746352.8, Diff: 2.4]
      [Ext Root Scanning (ms): Min: 0.1, Avg: 1.5, Max: 2.8, Diff: 2.7, Sum: 6.1]
      [Update RS (ms): Min: 0.0, Avg: 0.1, Max: 0.3, Diff: 0.3, Sum: 0.5]
         [Processed Buffers: Min: 0, Avg: 0.8, Max: 2, Diff: 2, Sum: 3]
      [Scan RS (ms): Min: 0.0, Avg: 0.0, Max: 0.0, Diff: 0.0, Sum: 0.0]
      [Code Root Scanning (ms): Min: 0.2, Avg: 4.3, Max: 7.8, Diff: 7.6, Sum: 17.3]
      [Object Copy (ms): Min: 1.8, Avg: 6.4, Max: 11.9, Diff: 10.1, Sum: 25.8]
      [Termination (ms): Min: 0.0, Avg: 3.6, Max: 4.9, Diff: 4.9, Sum: 14.5]
         [Termination Attempts: Min: 1, Avg: 1.0, Max: 1, Diff: 0, Sum: 4]
      [GC Worker Other (ms): Min: 0.0, Avg: 0.0, Max: 0.0, Diff: 0.0, Sum: 0.0]
      [GC Worker Total (ms): Min: 14.4, Avg: 16.1, Max: 16.7, Diff: 2.3, Sum: 64.3]
      [GC Worker End (ms): Min: 2746367.2, Avg: 2746367.2, Max: 2746367.2, Diff: 0.0]
   [Code Root Fixup: 0.2 ms]
   [Code Root Purge: 0.0 ms]
   [Clear CT: 0.4 ms]
   [Other: 3.3 ms]
      [Choose CSet: 0.0 ms]
      [Ref Proc: 2.1 ms]
      [Ref Enq: 0.0 ms]
      [Redirty Cards: 0.7 ms]
      [Humongous Register: 0.0 ms]
      [Humongous Reclaim: 0.0 ms]
      [Free CSet: 0.1 ms]
   [Eden: 41984.0K(45056.0K)->0.0B(48128.0K) Survivors: 7168.0K->4096.0K Heap: 177.4M(1024.0M)->137.4M(1024.0M)]
 [Times: user=0.05 sys=0.00, real=0.02 secs] 
2020-04-27T04:33:03.748+0530: 2746.372: [GC concurrent-root-region-scan-start]
2020-04-27T04:33:03.753+0530: 2746.378: [GC concurrent-root-region-scan-end, 0.0056399 secs]
2020-04-27T04:33:03.753+0530: 2746.378: [GC concurrent-mark-start]
2020-04-27T04:33:03.764+0530: 2746.389: [GC concurrent-mark-end, 0.0112260 secs]
2020-04-27T04:33:03.765+0530: 2746.389: [GC remark 2020-04-27T04:33:03.765+0530: 2746.390: [Finalize Marking, 0.0034143 secs] 2020-04-27T04:33:03.768+0530: 2746.393: [GC ref-proc, 0.0006538 secs] 2020-04-27T04:33:03.769+0530: 2746.394: [Unloading, 0.0054039 secs], 0.0116171 secs]
 [Times: user=0.02 sys=0.00, real=0.01 secs] 
2020-04-27T04:33:03.776+0530: 2746.401: [GC cleanup 138M->136M(1024M), 0.0028879 secs]
 [Times: user=0.00 sys=0.00, real=0.00 secs] 
2020-04-27T04:33:03.779+0530: 2746.404: [GC concurrent-cleanup-start]
2020-04-27T04:33:03.779+0530: 2746.404: [GC concurrent-cleanup-end, 0.0000161 secs]
2020-04-27T04:33:39.698+0530: 2782.322: [GC pause (G1 Evacuation Pause) (young), 0.0161797 secs]
   [Parallel Time: 5.8 ms, GC Workers: 4]
      [GC Worker Start (ms): Min: 2782322.6, Avg: 2782323.5, Max: 2782324.5, Diff: 1.9]
      [Ext Root Scanning (ms): Min: 0.0, Avg: 0.6, Max: 1.4, Diff: 1.4, Sum: 2.2]
      [Update RS (ms): Min: 0.5, Avg: 0.7, Max: 1.2, Diff: 0.7, Sum: 2.8]
         [Processed Buffers: Min: 1, Avg: 4.8, Max: 12, Diff: 11, Sum: 19]
      [Scan RS (ms): Min: 0.0, Avg: 0.1, Max: 0.3, Diff: 0.3, Sum: 0.6]
      [Code Root Scanning (ms): Min: 0.0, Avg: 0.3, Max: 0.5, Diff: 0.5, Sum: 1.1]
      [Object Copy (ms): Min: 1.9, Avg: 2.4, Max: 2.8, Diff: 0.9, Sum: 9.4]
      [Termination (ms): Min: 0.0, Avg: 0.6, Max: 0.9, Diff: 0.9, Sum: 2.2]
         [Termination Attempts: Min: 1, Avg: 1.0, Max: 1, Diff: 0, Sum: 4]
      [GC Worker Other (ms): Min: 0.0, Avg: 0.0, Max: 0.0, Diff: 0.0, Sum: 0.0]
      [GC Worker Total (ms): Min: 3.4, Avg: 4.6, Max: 5.7, Diff: 2.3, Sum: 18.4]
      [GC Worker End (ms): Min: 2782327.9, Avg: 2782328.1, Max: 2782328.4, Diff: 0.4]
   [Code Root Fixup: 0.0 ms]
   [Code Root Purge: 0.0 ms]
   [Clear CT: 4.1 ms]
   [Other: 6.3 ms]
      [Choose CSet: 0.0 ms]
      [Ref Proc: 5.3 ms]
      [Ref Enq: 0.0 ms]
      [Redirty Cards: 0.4 ms]
      [Humongous Register: 0.1 ms]
      [Humongous Reclaim: 0.0 ms]
      [Free CSet: 0.1 ms]
   [Eden: 48128.0K(48128.0K)->0.0B(47104.0K) Survivors: 4096.0K->5120.0K Heap: 182.4M(1024.0M)->135.9M(1024.0M)]
 [Times: user=0.02 sys=0.00, real=0.01 secs] 
2020-04-27T04:34:57.676+0530: 2860.301: [GC pause (G1 Evacuation Pause) (young), 0.0129985 secs]
   [Parallel Time: 9.6 ms, GC Workers: 4]
      [GC Worker Start (ms): Min: 2860300.8, Avg: 2860302.6, Max: 2860307.8, Diff: 6.9]
      [Ext Root Scanning (ms): Min: 0.0, Avg: 0.6, Max: 1.3, Diff: 1.3, Sum: 2.4]
      [Update RS (ms): Min: 0.0, Avg: 0.3, Max: 0.4, Diff: 0.4, Sum: 1.1]
         [Processed Buffers: Min: 0, Avg: 1.8, Max: 5, Diff: 5, Sum: 7]
      [Scan RS (ms): Min: 0.0, Avg: 0.0, Max: 0.0, Diff: 0.0, Sum: 0.0]
      [Code Root Scanning (ms): Min: 0.0, Avg: 1.9, Max: 7.5, Diff: 7.5, Sum: 7.7]
      [Object Copy (ms): Min: 0.0, Avg: 2.7, Max: 5.3, Diff: 5.3, Sum: 10.7]
      [Termination (ms): Min: 0.0, Avg: 1.8, Max: 2.5, Diff: 2.5, Sum: 7.1]
         [Termination Attempts: Min: 1, Avg: 1.2, Max: 2, Diff: 1, Sum: 5]
      [GC Worker Other (ms): Min: 0.0, Avg: 0.0, Max: 0.0, Diff: 0.0, Sum: 0.0]
      [GC Worker Total (ms): Min: 2.3, Avg: 7.3, Max: 9.1, Diff: 6.8, Sum: 29.1]
      [GC Worker End (ms): Min: 2860309.8, Avg: 2860309.9, Max: 2860310.1, Diff: 0.3]
   [Code Root Fixup: 0.0 ms]
   [Code Root Purge: 0.0 ms]
   [Clear CT: 1.8 ms]
   [Other: 1.5 ms]
      [Choose CSet: 0.0 ms]
      [Ref Proc: 0.5 ms]
      [Ref Enq: 0.0 ms]
      [Redirty Cards: 0.7 ms]
      [Humongous Register: 0.0 ms]
      [Humongous Reclaim: 0.0 ms]
      [Free CSet: 0.1 ms]
   [Eden: 47104.0K(47104.0K)->0.0B(48128.0K) Survivors: 5120.0K->4096.0K Heap: 181.9M(1024.0M)->135.4M(1024.0M)]
 [Times: user=0.03 sys=0.00, real=0.01 secs] 
2020-04-27T04:36:21.668+0530: 2944.293: [GC pause (G1 Evacuation Pause) (young), 0.0080369 secs]
   [Parallel Time: 4.4 ms, GC Workers: 4]
      [GC Worker Start (ms): Min: 2944293.5, Avg: 2944293.7, Max: 2944293.8, Diff: 0.4]
      [Ext Root Scanning (ms): Min: 0.4, Avg: 0.6, Max: 1.1, Diff: 0.7, Sum: 2.4]
      [Update RS (ms): Min: 0.0, Avg: 0.2, Max: 0.5, Diff: 0.5, Sum: 1.0]
         [Processed Buffers: Min: 0, Avg: 1.2, Max: 3, Diff: 3, Sum: 5]
      [Scan RS (ms): Min: 0.0, Avg: 0.0, Max: 0.0, Diff: 0.0, Sum: 0.0]
      [Code Root Scanning (ms): Min: 0.0, Avg: 0.3, Max: 0.7, Diff: 0.7, Sum: 1.4]
      [Object Copy (ms): Min: 2.5, Avg: 2.8, Max: 3.0, Diff: 0.6, Sum: 11.2]
      [Termination (ms): Min: 0.0, Avg: 0.0, Max: 0.0, Diff: 0.0, Sum: 0.0]
         [Termination Attempts: Min: 1, Avg: 1.5, Max: 2, Diff: 1, Sum: 6]
      [GC Worker Other (ms): Min: 0.0, Avg: 0.0, Max: 0.0, Diff: 0.0, Sum: 0.0]
      [GC Worker Total (ms): Min: 3.9, Avg: 4.0, Max: 4.2, Diff: 0.4, Sum: 16.1]
      [GC Worker End (ms): Min: 2944297.7, Avg: 2944297.7, Max: 2944297.7, Diff: 0.0]
   [Code Root Fixup: 0.0 ms]
   [Code Root Purge: 0.0 ms]
   [Clear CT: 0.8 ms]
   [Other: 2.8 ms]
      [Choose CSet: 0.0 ms]
      [Ref Proc: 1.5 ms]
      [Ref Enq: 0.0 ms]
      [Redirty Cards: 0.9 ms]
      [Humongous Register: 0.0 ms]
      [Humongous Reclaim: 0.0 ms]
      [Free CSet: 0.1 ms]
   [Eden: 48128.0K(48128.0K)->0.0B(47104.0K) Survivors: 4096.0K->5120.0K Heap: 182.4M(1024.0M)->135.9M(1024.0M)]
 [Times: user=0.01 sys=0.00, real=0.01 secs] 
2020-04-27T04:37:43.659+0530: 3026.283: [GC pause (G1 Evacuation Pause) (young), 0.0116098 secs]
   [Parallel Time: 9.4 ms, GC Workers: 4]
      [GC Worker Start (ms): Min: 3026283.7, Avg: 3026283.8, Max: 3026283.9, Diff: 0.2]
      [Ext Root Scanning (ms): Min: 0.4, Avg: 0.6, Max: 1.1, Diff: 0.7, Sum: 2.5]
      [Update RS (ms): Min: 0.0, Avg: 0.3, Max: 0.5, Diff: 0.5, Sum: 1.2]
         [Processed Buffers: Min: 0, Avg: 2.2, Max: 6, Diff: 6, Sum: 9]
      [Scan RS (ms): Min: 0.0, Avg: 0.0, Max: 0.1, Diff: 0.1, Sum: 0.1]
      [Code Root Scanning (ms): Min: 0.0, Avg: 0.4, Max: 0.8, Diff: 0.8, Sum: 1.5]
      [Object Copy (ms): Min: 2.8, Avg: 3.7, Max: 5.3, Diff: 2.5, Sum: 14.7]
      [Termination (ms): Min: 0.0, Avg: 2.2, Max: 4.3, Diff: 4.3, Sum: 8.7]
         [Termination Attempts: Min: 1, Avg: 1.0, Max: 1, Diff: 0, Sum: 4]
      [GC Worker Other (ms): Min: 0.0, Avg: 0.0, Max: 0.0, Diff: 0.0, Sum: 0.0]
      [GC Worker Total (ms): Min: 6.4, Avg: 7.2, Max: 8.8, Diff: 2.4, Sum: 28.7]
      [GC Worker End (ms): Min: 3026290.2, Avg: 3026291.0, Max: 3026292.7, Diff: 2.5]
   [Code Root Fixup: 0.1 ms]
   [Code Root Purge: 0.0 ms]
   [Clear CT: 0.4 ms]
   [Other: 1.7 ms]
      [Choose CSet: 0.0 ms]
      [Ref Proc: 0.7 ms]
      [Ref Enq: 0.0 ms]
      [Redirty Cards: 0.5 ms]
      [Humongous Register: 0.1 ms]
      [Humongous Reclaim: 0.1 ms]
      [Free CSet: 0.1 ms]
   [Eden: 47104.0K(47104.0K)->0.0B(47104.0K) Survivors: 5120.0K->5120.0K Heap: 181.9M(1024.0M)->135.8M(1024.0M)]
 [Times: user=0.03 sys=0.00, real=0.01 secs] 
2020-04-27T04:39:08.680+0530: 3111.305: [GC pause (G1 Evacuation Pause) (young), 0.0126359 secs]
   [Parallel Time: 3.8 ms, GC Workers: 4]
      [GC Worker Start (ms): Min: 3111304.9, Avg: 3111305.0, Max: 3111305.2, Diff: 0.3]
      [Ext Root Scanning (ms): Min: 0.3, Avg: 0.5, Max: 0.9, Diff: 0.6, Sum: 2.2]
      [Update RS (ms): Min: 0.0, Avg: 0.3, Max: 0.6, Diff: 0.6, Sum: 1.1]
         [Processed Buffers: Min: 1, Avg: 1.8, Max: 3, Diff: 2, Sum: 7]
      [Scan RS (ms): Min: 0.0, Avg: 0.0, Max: 0.0, Diff: 0.0, Sum: 0.0]
      [Code Root Scanning (ms): Min: 0.0, Avg: 0.3, Max: 0.6, Diff: 0.6, Sum: 1.2]
      [Object Copy (ms): Min: 2.2, Avg: 2.5, Max: 2.9, Diff: 0.7, Sum: 10.0]
      [Termination (ms): Min: 0.0, Avg: 0.0, Max: 0.0, Diff: 0.0, Sum: 0.0]
         [Termination Attempts: Min: 1, Avg: 1.0, Max: 1, Diff: 0, Sum: 4]
      [GC Worker Other (ms): Min: 0.0, Avg: 0.0, Max: 0.0, Diff: 0.0, Sum: 0.0]
      [GC Worker Total (ms): Min: 3.5, Avg: 3.6, Max: 3.8, Diff: 0.3, Sum: 14.5]
      [GC Worker End (ms): Min: 3111308.7, Avg: 3111308.7, Max: 3111308.7, Diff: 0.0]
   [Code Root Fixup: 0.1 ms]
   [Code Root Purge: 0.0 ms]
   [Clear CT: 0.8 ms]
   [Other: 8.0 ms]
      [Choose CSet: 0.0 ms]
      [Ref Proc: 3.9 ms]
      [Ref Enq: 0.0 ms]
      [Redirty Cards: 3.8 ms]
      [Humongous Register: 0.0 ms]
      [Humongous Reclaim: 0.0 ms]
      [Free CSet: 0.0 ms]
   [Eden: 47104.0K(47104.0K)->0.0B(47104.0K) Survivors: 5120.0K->5120.0K Heap: 181.8M(1024.0M)->135.9M(1024.0M)]
 [Times: user=0.02 sys=0.00, real=0.01 secs] 
2020-04-27T04:40:34.658+0530: 3197.283: [GC pause (G1 Evacuation Pause) (young), 0.0158417 secs]
   [Parallel Time: 4.2 ms, GC Workers: 4]
      [GC Worker Start (ms): Min: 3197283.0, Avg: 3197283.1, Max: 3197283.2, Diff: 0.3]
      [Ext Root Scanning (ms): Min: 0.3, Avg: 0.6, Max: 1.2, Diff: 0.8, Sum: 2.5]
      [Update RS (ms): Min: 0.0, Avg: 0.3, Max: 0.7, Diff: 0.7, Sum: 1.3]
         [Processed Buffers: Min: 1, Avg: 2.0, Max: 4, Diff: 3, Sum: 8]
      [Scan RS (ms): Min: 0.0, Avg: 0.0, Max: 0.0, Diff: 0.0, Sum: 0.1]
      [Code Root Scanning (ms): Min: 0.0, Avg: 0.4, Max: 0.9, Diff: 0.9, Sum: 1.8]
      [Object Copy (ms): Min: 2.1, Avg: 2.6, Max: 3.2, Diff: 1.1, Sum: 10.4]
      [Termination (ms): Min: 0.0, Avg: 0.0, Max: 0.0, Diff: 0.0, Sum: 0.0]
         [Termination Attempts: Min: 1, Avg: 1.0, Max: 1, Diff: 0, Sum: 4]
      [GC Worker Other (ms): Min: 0.0, Avg: 0.0, Max: 0.0, Diff: 0.0, Sum: 0.1]
      [GC Worker Total (ms): Min: 3.9, Avg: 4.0, Max: 4.2, Diff: 0.3, Sum: 16.1]
      [GC Worker End (ms): Min: 3197287.1, Avg: 3197287.1, Max: 3197287.1, Diff: 0.0]
   [Code Root Fixup: 0.0 ms]
   [Code Root Purge: 0.0 ms]
   [Clear CT: 4.0 ms]
   [Other: 7.6 ms]
      [Choose CSet: 0.0 ms]
      [Ref Proc: 1.9 ms]
      [Ref Enq: 0.0 ms]
      [Redirty Cards: 5.3 ms]
      [Humongous Register: 0.0 ms]
      [Humongous Reclaim: 0.0 ms]
      [Free CSet: 0.1 ms]
   [Eden: 47104.0K(47104.0K)->0.0B(48128.0K) Survivors: 5120.0K->4096.0K Heap: 181.9M(1024.0M)->135.0M(1024.0M)]
 [Times: user=0.02 sys=0.00, real=0.01 secs] 
2020-04-27T04:42:00.698+0530: 3283.323: [GC pause (G1 Evacuation Pause) (young), 0.0131983 secs]
   [Parallel Time: 7.2 ms, GC Workers: 4]
      [GC Worker Start (ms): Min: 3283323.5, Avg: 3283325.1, Max: 3283329.6, Diff: 6.1]
      [Ext Root Scanning (ms): Min: 0.0, Avg: 0.6, Max: 1.2, Diff: 1.2, Sum: 2.3]
      [Update RS (ms): Min: 0.0, Avg: 0.3, Max: 0.5, Diff: 0.5, Sum: 1.3]
         [Processed Buffers: Min: 0, Avg: 1.8, Max: 5, Diff: 5, Sum: 7]
      [Scan RS (ms): Min: 0.0, Avg: 0.0, Max: 0.0, Diff: 0.0, Sum: 0.0]
      [Code Root Scanning (ms): Min: 0.0, Avg: 0.4, Max: 0.9, Diff: 0.9, Sum: 1.4]
      [Object Copy (ms): Min: 0.0, Avg: 2.5, Max: 3.6, Diff: 3.6, Sum: 10.0]
      [Termination (ms): Min: 0.0, Avg: 0.9, Max: 1.7, Diff: 1.7, Sum: 3.7]
         [Termination Attempts: Min: 1, Avg: 1.5, Max: 3, Diff: 2, Sum: 6]
      [GC Worker Other (ms): Min: 0.0, Avg: 0.0, Max: 0.0, Diff: 0.0, Sum: 0.0]
      [GC Worker Total (ms): Min: 0.0, Avg: 4.7, Max: 6.7, Diff: 6.7, Sum: 18.8]
      [GC Worker End (ms): Min: 3283329.6, Avg: 3283329.8, Max: 3283330.3, Diff: 0.7]
   [Code Root Fixup: 0.0 ms]
   [Code Root Purge: 0.0 ms]
   [Clear CT: 0.5 ms]
   [Other: 5.4 ms]
      [Choose CSet: 0.0 ms]
      [Ref Proc: 4.3 ms]
      [Ref Enq: 0.0 ms]
      [Redirty Cards: 0.7 ms]
      [Humongous Register: 0.0 ms]
      [Humongous Reclaim: 0.0 ms]
      [Free CSet: 0.1 ms]
   [Eden: 48128.0K(48128.0K)->0.0B(57344.0K) Survivors: 4096.0K->4096.0K Heap: 182.0M(1024.0M)->135.2M(1024.0M)]
 [Times: user=0.03 sys=0.00, real=0.01 secs] 
2020-04-27T04:43:41.682+0530: 3384.307: [GC pause (G1 Evacuation Pause) (young), 0.0138370 secs]
   [Parallel Time: 10.8 ms, GC Workers: 4]
      [GC Worker Start (ms): Min: 3384307.0, Avg: 3384309.9, Max: 3384312.8, Diff: 5.8]
      [Ext Root Scanning (ms): Min: 0.0, Avg: 0.7, Max: 1.6, Diff: 1.6, Sum: 2.7]
      [Update RS (ms): Min: 0.0, Avg: 0.3, Max: 0.7, Diff: 0.7, Sum: 1.2]
         [Processed Buffers: Min: 0, Avg: 1.5, Max: 5, Diff: 5, Sum: 6]
      [Scan RS (ms): Min: 0.0, Avg: 0.0, Max: 0.0, Diff: 0.0, Sum: 0.1]
      [Code Root Scanning (ms): Min: 0.0, Avg: 0.5, Max: 0.9, Diff: 0.9, Sum: 1.9]
      [Object Copy (ms): Min: 3.4, Avg: 5.1, Max: 7.0, Diff: 3.5, Sum: 20.5]
      [Termination (ms): Min: 0.0, Avg: 0.8, Max: 1.3, Diff: 1.3, Sum: 3.2]
         [Termination Attempts: Min: 1, Avg: 1.0, Max: 1, Diff: 0, Sum: 4]
      [GC Worker Other (ms): Min: 0.0, Avg: 0.0, Max: 0.0, Diff: 0.0, Sum: 0.0]
      [GC Worker Total (ms): Min: 4.6, Avg: 7.4, Max: 10.2, Diff: 5.6, Sum: 29.7]
      [GC Worker End (ms): Min: 3384317.2, Avg: 3384317.3, Max: 3384317.5, Diff: 0.3]
   [Code Root Fixup: 0.0 ms]
   [Code Root Purge: 0.0 ms]
   [Clear CT: 0.8 ms]
   [Other: 2.2 ms]
      [Choose CSet: 0.0 ms]
      [Ref Proc: 1.1 ms]
      [Ref Enq: 0.0 ms]
      [Redirty Cards: 0.6 ms]
      [Humongous Register: 0.1 ms]
      [Humongous Reclaim: 0.1 ms]
      [Free CSet: 0.0 ms]
   [Eden: 57344.0K(57344.0K)->0.0B(139.0M) Survivors: 4096.0K->5120.0K Heap: 191.2M(1024.0M)->135.9M(1024.0M)]
 [Times: user=0.03 sys=0.01, real=0.02 secs] 
2020-04-27T04:48:17.659+0530: 3660.284: [GC pause (G1 Evacuation Pause) (young), 0.0207242 secs]
   [Parallel Time: 17.0 ms, GC Workers: 4]
      [GC Worker Start (ms): Min: 3660284.6, Avg: 3660285.4, Max: 3660287.7, Diff: 3.1]
      [Ext Root Scanning (ms): Min: 0.0, Avg: 0.7, Max: 1.3, Diff: 1.3, Sum: 2.8]
      [Update RS (ms): Min: 0.0, Avg: 0.3, Max: 0.8, Diff: 0.8, Sum: 1.4]
         [Processed Buffers: Min: 0, Avg: 2.0, Max: 6, Diff: 6, Sum: 8]
      [Scan RS (ms): Min: 0.0, Avg: 0.0, Max: 0.1, Diff: 0.0, Sum: 0.1]
      [Code Root Scanning (ms): Min: 0.0, Avg: 0.4, Max: 1.5, Diff: 1.5, Sum: 1.5]
      [Object Copy (ms): Min: 3.2, Avg: 6.5, Max: 13.5, Diff: 10.3, Sum: 26.0]
      [Termination (ms): Min: 0.0, Avg: 7.3, Max: 9.8, Diff: 9.8, Sum: 29.2]
         [Termination Attempts: Min: 1, Avg: 1.0, Max: 1, Diff: 0, Sum: 4]
      [GC Worker Other (ms): Min: 0.0, Avg: 0.0, Max: 0.0, Diff: 0.0, Sum: 0.1]
      [GC Worker Total (ms): Min: 13.0, Avg: 15.3, Max: 16.1, Diff: 3.1, Sum: 61.1]
      [GC Worker End (ms): Min: 3660300.6, Avg: 3660300.7, Max: 3660300.7, Diff: 0.1]
   [Code Root Fixup: 0.0 ms]
   [Code Root Purge: 0.0 ms]
   [Clear CT: 0.7 ms]
   [Other: 3.0 ms]
      [Choose CSet: 0.0 ms]
      [Ref Proc: 2.2 ms]
      [Ref Enq: 0.0 ms]
      [Redirty Cards: 0.3 ms]
      [Humongous Register: 0.0 ms]
      [Humongous Reclaim: 0.0 ms]
      [Free CSet: 0.1 ms]
   [Eden: 139.0M(139.0M)->0.0B(377.0M) Survivors: 5120.0K->4096.0K Heap: 274.9M(1024.0M)->135.0M(1024.0M)]
 [Times: user=0.02 sys=0.01, real=0.02 secs] 
2020-04-27T05:00:05.699+0530: 4368.455: [GC pause (G1 Evacuation Pause) (young), 0.3566785 secs]
   [Parallel Time: 219.9 ms, GC Workers: 4]
      [GC Worker Start (ms): Min: 4368455.0, Avg: 4368457.5, Max: 4368458.5, Diff: 3.5]
      [Ext Root Scanning (ms): Min: 0.0, Avg: 0.6, Max: 2.3, Diff: 2.3, Sum: 2.3]
      [Update RS (ms): Min: 0.0, Avg: 160.0, Max: 213.9, Diff: 213.9, Sum: 640.1]
         [Processed Buffers: Min: 1, Avg: 2.0, Max: 4, Diff: 3, Sum: 8]
      [Scan RS (ms): Min: 0.0, Avg: 0.1, Max: 0.2, Diff: 0.2, Sum: 0.4]
      [Code Root Scanning (ms): Min: 0.0, Avg: 0.3, Max: 1.3, Diff: 1.3, Sum: 1.3]
      [Object Copy (ms): Min: 0.5, Avg: 3.3, Max: 8.3, Diff: 7.8, Sum: 13.3]
      [Termination (ms): Min: 0.0, Avg: 51.9, Max: 205.7, Diff: 205.7, Sum: 207.6]
         [Termination Attempts: Min: 1, Avg: 1.2, Max: 2, Diff: 1, Sum: 5]
      [GC Worker Other (ms): Min: 0.0, Avg: 0.0, Max: 0.0, Diff: 0.0, Sum: 0.1]
      [GC Worker Total (ms): Min: 215.3, Avg: 216.2, Max: 218.7, Diff: 3.4, Sum: 864.9]
      [GC Worker End (ms): Min: 4368673.7, Avg: 4368673.8, Max: 4368673.9, Diff: 0.2]
   [Code Root Fixup: 0.0 ms]
   [Code Root Purge: 0.0 ms]
   [Clear CT: 0.7 ms]
   [Other: 136.0 ms]
      [Choose CSet: 0.0 ms]
      [Ref Proc: 3.9 ms]
      [Ref Enq: 0.0 ms]
      [Redirty Cards: 0.7 ms]
      [Humongous Register: 0.0 ms]
      [Humongous Reclaim: 0.0 ms]
      [Free CSet: 0.2 ms]
   [Eden: 377.0M(377.0M)->0.0B(48128.0K) Survivors: 4096.0K->4096.0K Heap: 512.0M(1024.0M)->135.4M(1024.0M)]
 [Times: user=0.23 sys=0.00, real=0.62 secs] 
2020-04-27T05:01:35.752+0530: 4458.377: [GC pause (G1 Evacuation Pause) (young), 0.0085584 secs]
   [Parallel Time: 6.2 ms, GC Workers: 4]
      [GC Worker Start (ms): Min: 4458377.2, Avg: 4458377.3, Max: 4458377.5, Diff: 0.3]
      [Ext Root Scanning (ms): Min: 0.4, Avg: 0.6, Max: 0.9, Diff: 0.6, Sum: 2.3]
      [Update RS (ms): Min: 0.0, Avg: 0.3, Max: 0.4, Diff: 0.4, Sum: 1.1]
         [Processed Buffers: Min: 1, Avg: 1.8, Max: 3, Diff: 2, Sum: 7]
      [Scan RS (ms): Min: 0.0, Avg: 1.6, Max: 3.2, Diff: 3.2, Sum: 6.4]
      [Code Root Scanning (ms): Min: 0.0, Avg: 0.4, Max: 1.7, Diff: 1.7, Sum: 1.7]
      [Object Copy (ms): Min: 0.2, Avg: 2.8, Max: 4.7, Diff: 4.5, Sum: 11.2]
      [Termination (ms): Min: 0.0, Avg: 0.2, Max: 0.3, Diff: 0.3, Sum: 0.9]
         [Termination Attempts: Min: 1, Avg: 1.2, Max: 2, Diff: 1, Sum: 5]
      [GC Worker Other (ms): Min: 0.0, Avg: 0.0, Max: 0.0, Diff: 0.0, Sum: 0.0]
      [GC Worker Total (ms): Min: 5.8, Avg: 5.9, Max: 6.1, Diff: 0.3, Sum: 23.6]
      [GC Worker End (ms): Min: 4458383.2, Avg: 4458383.2, Max: 4458383.3, Diff: 0.1]
   [Code Root Fixup: 0.0 ms]
   [Code Root Purge: 0.0 ms]
   [Clear CT: 0.6 ms]
   [Other: 1.7 ms]
      [Choose CSet: 0.0 ms]
      [Ref Proc: 0.7 ms]
      [Ref Enq: 0.0 ms]
      [Redirty Cards: 0.6 ms]
      [Humongous Register: 0.1 ms]
      [Humongous Reclaim: 0.1 ms]
      [Free CSet: 0.1 ms]
   [Eden: 48128.0K(48128.0K)->0.0B(47104.0K) Survivors: 4096.0K->5120.0K Heap: 182.4M(1024.0M)->135.9M(1024.0M)]
 [Times: user=0.02 sys=0.00, real=0.01 secs] 
2020-04-27T05:03:03.016+0530: 4545.641: [GC pause (G1 Evacuation Pause) (young), 0.0074198 secs]
   [Parallel Time: 4.8 ms, GC Workers: 4]
      [GC Worker Start (ms): Min: 4545641.4, Avg: 4545641.6, Max: 4545641.7, Diff: 0.3]
      [Ext Root Scanning (ms): Min: 0.5, Avg: 1.0, Max: 1.9, Diff: 1.5, Sum: 4.0]
      [Update RS (ms): Min: 0.0, Avg: 0.3, Max: 0.5, Diff: 0.5, Sum: 1.1]
         [Processed Buffers: Min: 0, Avg: 1.5, Max: 4, Diff: 4, Sum: 6]
      [Scan RS (ms): Min: 0.0, Avg: 0.0, Max: 0.0, Diff: 0.0, Sum: 0.0]
      [Code Root Scanning (ms): Min: 0.0, Avg: 0.4, Max: 0.9, Diff: 0.9, Sum: 1.4]
      [Object Copy (ms): Min: 2.5, Avg: 2.8, Max: 3.4, Diff: 0.8, Sum: 11.4]
      [Termination (ms): Min: 0.0, Avg: 0.0, Max: 0.0, Diff: 0.0, Sum: 0.0]
         [Termination Attempts: Min: 1, Avg: 1.2, Max: 2, Diff: 1, Sum: 5]
      [GC Worker Other (ms): Min: 0.0, Avg: 0.0, Max: 0.0, Diff: 0.0, Sum: 0.0]
      [GC Worker Total (ms): Min: 4.4, Avg: 4.5, Max: 4.7, Diff: 0.3, Sum: 18.1]
      [GC Worker End (ms): Min: 4545646.1, Avg: 4545646.1, Max: 4545646.1, Diff: 0.0]
   [Code Root Fixup: 0.0 ms]
   [Code Root Purge: 0.0 ms]
   [Clear CT: 0.5 ms]
   [Other: 2.1 ms]
      [Choose CSet: 0.0 ms]
      [Ref Proc: 0.9 ms]
      [Ref Enq: 0.0 ms]
      [Redirty Cards: 0.7 ms]
      [Humongous Register: 0.0 ms]
      [Humongous Reclaim: 0.0 ms]
      [Free CSet: 0.1 ms]
   [Eden: 47104.0K(47104.0K)->0.0B(47104.0K) Survivors: 5120.0K->5120.0K Heap: 181.9M(1024.0M)->136.1M(1024.0M)]
 [Times: user=0.02 sys=0.00, real=0.20 secs] 
2020-04-27T05:04:28.698+0530: 4631.323: [GC pause (G1 Evacuation Pause) (young), 0.0247888 secs]
   [Parallel Time: 4.0 ms, GC Workers: 4]
      [GC Worker Start (ms): Min: 4631323.5, Avg: 4631323.6, Max: 4631323.7, Diff: 0.2]
      [Ext Root Scanning (ms): Min: 0.4, Avg: 0.7, Max: 1.3, Diff: 0.9, Sum: 2.7]
      [Update RS (ms): Min: 0.0, Avg: 0.3, Max: 0.5, Diff: 0.5, Sum: 1.2]
         [Processed Buffers: Min: 0, Avg: 1.5, Max: 4, Diff: 4, Sum: 6]
      [Scan RS (ms): Min: 0.0, Avg: 0.0, Max: 0.0, Diff: 0.0, Sum: 0.0]
      [Code Root Scanning (ms): Min: 0.0, Avg: 0.3, Max: 0.7, Diff: 0.7, Sum: 1.1]
      [Object Copy (ms): Min: 2.1, Avg: 2.5, Max: 2.8, Diff: 0.6, Sum: 10.0]
      [Termination (ms): Min: 0.0, Avg: 0.0, Max: 0.0, Diff: 0.0, Sum: 0.0]
         [Termination Attempts: Min: 1, Avg: 1.0, Max: 1, Diff: 0, Sum: 4]
      [GC Worker Other (ms): Min: 0.0, Avg: 0.0, Max: 0.0, Diff: 0.0, Sum: 0.0]
      [GC Worker Total (ms): Min: 3.7, Avg: 3.8, Max: 3.9, Diff: 0.2, Sum: 15.1]
      [GC Worker End (ms): Min: 4631327.4, Avg: 4631327.4, Max: 4631327.4, Diff: 0.0]
   [Code Root Fixup: 0.0 ms]
   [Code Root Purge: 0.0 ms]
   [Clear CT: 13.0 ms]
   [Other: 7.8 ms]
      [Choose CSet: 0.0 ms]
      [Ref Proc: 6.9 ms]
      [Ref Enq: 0.0 ms]
      [Redirty Cards: 0.5 ms]
      [Humongous Register: 0.0 ms]
      [Humongous Reclaim: 0.0 ms]
      [Free CSet: 0.1 ms]
   [Eden: 47104.0K(47104.0K)->0.0B(47104.0K) Survivors: 5120.0K->5120.0K Heap: 182.1M(1024.0M)->135.9M(1024.0M)]
 [Times: user=0.03 sys=0.00, real=0.03 secs] 
2020-04-27T05:05:55.690+0530: 4718.315: [GC pause (G1 Evacuation Pause) (young), 0.0151919 secs]
   [Parallel Time: 12.0 ms, GC Workers: 4]
      [GC Worker Start (ms): Min: 4718315.5, Avg: 4718320.1, Max: 4718324.0, Diff: 8.5]
      [Ext Root Scanning (ms): Min: 0.0, Avg: 0.6, Max: 2.3, Diff: 2.3, Sum: 2.4]
      [Update RS (ms): Min: 0.0, Avg: 0.3, Max: 1.0, Diff: 1.0, Sum: 1.0]
         [Processed Buffers: Min: 0, Avg: 1.8, Max: 7, Diff: 7, Sum: 7]
      [Scan RS (ms): Min: 0.0, Avg: 0.0, Max: 0.0, Diff: 0.0, Sum: 0.0]
      [Code Root Scanning (ms): Min: 0.0, Avg: 1.5, Max: 5.0, Diff: 5.0, Sum: 5.8]
      [Object Copy (ms): Min: 1.8, Avg: 3.7, Max: 6.3, Diff: 4.5, Sum: 14.6]
      [Termination (ms): Min: 0.0, Avg: 0.7, Max: 1.0, Diff: 1.0, Sum: 2.9]
         [Termination Attempts: Min: 1, Avg: 2.8, Max: 4, Diff: 3, Sum: 11]
      [GC Worker Other (ms): Min: 0.0, Avg: 0.0, Max: 0.0, Diff: 0.0, Sum: 0.0]
      [GC Worker Total (ms): Min: 2.8, Avg: 6.7, Max: 11.3, Diff: 8.6, Sum: 26.8]
      [GC Worker End (ms): Min: 4718326.8, Avg: 4718326.8, Max: 4718326.8, Diff: 0.0]
   [Code Root Fixup: 0.0 ms]
   [Code Root Purge: 0.1 ms]
   [Clear CT: 0.5 ms]
   [Other: 2.5 ms]
      [Choose CSet: 0.0 ms]
      [Ref Proc: 1.6 ms]
      [Ref Enq: 0.0 ms]
      [Redirty Cards: 0.4 ms]
      [Humongous Register: 0.2 ms]
      [Humongous Reclaim: 0.0 ms]
      [Free CSet: 0.1 ms]
   [Eden: 47104.0K(47104.0K)->0.0B(49152.0K) Survivors: 5120.0K->3072.0K Heap: 181.9M(1024.0M)->135.3M(1024.0M)]
 [Times: user=0.02 sys=0.00, real=0.02 secs] 
